// Jest Snapshot v1, https://goo.gl/fbAQLP

exports[`should match with snapshot 1`] = `
<div
  className="App"
>
  <header
    className="App__header"
  >
    <nav
      className="Header"
    >
      <h1>
        <a
          href="/"
          onClick={[Function]}
        >
           WishList4U 
        </a>
      </h1>
      <div
        className="Header__not-logged-in"
      >
        <a
          href="/register"
          onClick={[Function]}
        >
           Create an account 
        </a>
        <span
          className="Hyph"
        >
             -   
        </span>
        <a
          href="/login"
          onClick={[Function]}
        >
           Log in 
        </a>
      </div>
    </nav>
  </header>
  <main
    className="App__main"
  >
    <section
      className="Section LoginPage"
    >
      <h2>
        Login
      </h2>
      <form
        className="LoginForm"
        onSubmit={[Function]}
      >
        <div
          role="alert"
        />
        <div
          className="user_name"
        >
          <label
            htmlFor="LoginForm__user_name"
          >
            User Name
          </label>
          <input
            className="Input "
            id="LoginForm__user_name"
            name="user_name"
            required={true}
            type="text"
          />
        </div>
        <div
          className="password"
        >
          <label
            htmlFor="LoginForm__password"
          >
            Password
          </label>
          <input
            className="Input "
            id="LoginForm__password"
            name="password"
            required={true}
            type="password"
          />
        </div>
        <button
          className="Button "
          type="submit"
        >
          Login
        </button>
      </form>
    </section>
  </main>
</div>
`;
